---
source: cli/tests/account.rs
expression: human
---
ALIAS                   	PRIORITY	NOTE	BANKED RESETS	EXPIRY IN	LIMITS	RESET IN
 axel-marchenko-tt-eu-pp	2		unknown      	unknown  	unknown (unsupportedAuthentication)	unknown
*alpha                  	1	primary	unknown      	unknown  	unknown (unsupportedAuthentication)	unknown
