---
source: cli/tests/account.rs
expression: "String::from_utf8_lossy(&restricted.get_output().stdout)"
---
ALIAS 	PRIORITY	NOTE	BANKED RESETS	EXPIRY IN	LIMITS	RESET IN
*alpha	1	primary	0            	none     	100%	unknown
 beta 	2		unknown      	unknown  	unknown (unsupportedAuthentication)	unknown
