---
source: cli/tests/account.rs
expression: "output.replace('\\x1b', \"ESC\").replace('\\r', \"\")"
---
ESC[36;1mALIAS                   	PRIORITY	NOTE	BANKED RESETS	EXPIRY IN	LIMITS	RESET INESC[0m
 axel-marchenko-tt-eu-pp	2		unknown      	unknown  	unknown (unsupportedAuthentication)	unknown
ESC[32;1m*alpha                  ESC[0m	1	primary	unknown      	unknown  	unknown (unsupportedAuthentication)	unknown
