---
source: cli/tests/account.rs
expression: "String::from_utf8_lossy(&restricted.get_output().stdout)"
---
CURRENT	ALIAS	STATUS	AUTH	PRIORITY (HIGHER DRAINS FIRST)	NOTE	BANKED RESETS	SOONEST EXPIRY (UTC)	LIMITS	RESET IN
	beta 	ready	api-key	2		unknown      	unknown                	unknown (unsupportedAuthentication)	unknown
*	alpha	ready	chatgpt	1	primary	0            	none                   	codex: limit reached	unknown
