---
source: cli/tests/account.rs
expression: "human.replace(countdown,\n\"[Codex reset countdown]\").replace(banked, \"[Banked reset]\")"
---
ALIAS   PRIORITY  NOTE     CREDITS  CREDIT USE  BANKED RESETS  LIMITS                               RESET IN
*alpha  1         primary  9.99     disabled    [Banked reset]   84%                                  [Codex reset countdown]
 beta   2                  unknown  disabled    unknown        unknown (unsupportedAuthentication)  unknown
