---
source: tui/src/startup_draft_layout_tests.rs
expression: "crate::test_support::normalize_cli_version(format!(\"cursor={:?}\\n{frame}\",\nlayout.cursor_pos(area)),)"
---
cursor=Some((13, 12))
╭───────────────────────────────────────╮       
│ >_ OpenAI Codex (v<VERSION>)          │       
│                                       │       
│ model:     loading   /model to change │       
│ directory: loading                    │       
╰───────────────────────────────────────╯       
                                                
  Pull up a prompt.                             
                                                
                                                
                                                
› first line                                    
  second line                                   
                                                
                                                
  Waiting for startup  · esc cancel
