---
source: tui/src/update_prompt.rs
expression: terminal.backend()
---

  ✨ Update available! 0.153.0+multi.1 -> 9.9.9

  Fork source: https://github.com/holyglory/codex

› 1. Update now (runs `npm install -g @holyglory/codex@latest`)                 
  2. Skip
  3. Skip until next version

  Press enter to continue
