---
source: tui/src/history_cell/tests.rs
expression: rendered
---
╭──────────────────────────────────────────────────────╮
│ ✨ Update available! 0.153.0+multi.1 -> 9.9.9        │
│ Run vp install -g @holyglory/codex@latest to update. │
│                                                      │
│ Fork source and history:                             │
│ https://github.com/holyglory/codex                   │
╰──────────────────────────────────────────────────────╯
