---
source: tui/src/history_cell/tests.rs
expression: rendered
---
╭──────────────────────────────────────────────────────────────────╮
│ ✨ Update available! 0.153.0+multi.1 -> 0.153.0-multi.2          │
│ See https://github.com/holyglory/codex for installation options. │
│                                                                  │
│ Fork source and history:                                         │
│ https://github.com/holyglory/codex                               │
╰──────────────────────────────────────────────────────────────────╯
